d:\code\cg\phy\home2d\lbm_mrlbm\x64\release\vc143.pdb
d:\code\cg\phy\home2d\lbm_mrlbm\x64\release\testmrlbm2d.obj
d:\code\cg\phy\home2d\lbm_mrlbm\x64\release\lbmcases2d.obj
d:\code\cg\phy\home2d\lbm_mrlbm\x64\release\mlcuruntime.obj
d:\code\cg\phy\home2d\lbm_mrlbm\x64\release\colorramp.obj
d:\code\cg\phy\home2d\lbm_mrlbm\x64\release\mrlbmsolvergpu2d.cu.obj
d:\code\cg\phy\home2d\x64\release\lbm_mrlbm.exe
d:\code\cg\phy\home2d\x64\release\lbm_mrlbm.pdb
d:\code\cg\phy\home2d\lbm_mrlbm\x64\release\lbm_mrlbm.ipdb
d:\code\cg\phy\home2d\lbm_mrlbm\x64\release\lbm_mrlbm.iobj
d:\code\cg\phy\home2d\lbm_mrlbm\x64\release\mrlbmsolvergpu2d.cu.cache
d:\code\cg\phy\home2d\lbm_mrlbm\x64\release\lbm_mrlbm.tlog\cl.command.1.tlog
d:\code\cg\phy\home2d\lbm_mrlbm\x64\release\lbm_mrlbm.tlog\cl.items.tlog
d:\code\cg\phy\home2d\lbm_mrlbm\x64\release\lbm_mrlbm.tlog\cl.read.1.tlog
d:\code\cg\phy\home2d\lbm_mrlbm\x64\release\lbm_mrlbm.tlog\cl.write.1.tlog
d:\code\cg\phy\home2d\lbm_mrlbm\x64\release\lbm_mrlbm.tlog\cudacompile.read.1u.tlog
d:\code\cg\phy\home2d\lbm_mrlbm\x64\release\lbm_mrlbm.tlog\cudacompile.write.1u.tlog
d:\code\cg\phy\home2d\lbm_mrlbm\x64\release\lbm_mrlbm.tlog\link.command.1.tlog
d:\code\cg\phy\home2d\lbm_mrlbm\x64\release\lbm_mrlbm.tlog\link.read.1.tlog
d:\code\cg\phy\home2d\lbm_mrlbm\x64\release\lbm_mrlbm.tlog\link.secondary.1.tlog
d:\code\cg\phy\home2d\lbm_mrlbm\x64\release\lbm_mrlbm.tlog\link.write.1.tlog
